DEBUG 2026-07-13 17:36:44,324 utils 216905 135608635072640 (0.000) SELECT "auth_user"."id", "auth_user"."password", "auth_user"."last_login", "auth_user"."is_superuser", "auth_user"."username", "auth_user"."first_name", "auth_user"."last_name", "auth_user"."email", "auth_user"."is_staff", "auth_user"."is_active", "auth_user"."date_joined" FROM "auth_user" ORDER BY "auth_user"."id" ASC LIMIT 1; args=(); alias=default
DEBUG 2026-07-13 17:36:44,946 utils 216907 135027611754624 (0.000) SELECT "auth_user"."id", "auth_user"."password", "auth_user"."last_login", "auth_user"."is_superuser", "auth_user"."username", "auth_user"."first_name", "auth_user"."last_name", "auth_user"."email", "auth_user"."is_staff", "auth_user"."is_active", "auth_user"."date_joined" FROM "auth_user" ORDER BY "auth_user"."id" ASC LIMIT 1; args=(); alias=default
DEBUG 2026-07-13 17:37:01,650 utils 217110 130415771660416 (0.000) SELECT "auth_user"."id", "auth_user"."password", "auth_user"."last_login", "auth_user"."is_superuser", "auth_user"."username", "auth_user"."first_name", "auth_user"."last_name", "auth_user"."email", "auth_user"."is_staff", "auth_user"."is_active", "auth_user"."date_joined" FROM "auth_user" ORDER BY "auth_user"."id" ASC LIMIT 1; args=(); alias=default
DEBUG 2026-07-13 17:37:02,104 utils 217123 133724974157952 (0.000) SELECT "auth_user"."id", "auth_user"."password", "auth_user"."last_login", "auth_user"."is_superuser", "auth_user"."username", "auth_user"."first_name", "auth_user"."last_name", "auth_user"."email", "auth_user"."is_staff", "auth_user"."is_active", "auth_user"."date_joined" FROM "auth_user" ORDER BY "auth_user"."id" ASC LIMIT 1; args=(); alias=default
DEBUG 2026-07-13 17:37:16,874 utils 217302 140238194581632 (0.000) SELECT "auth_user"."id", "auth_user"."password", "auth_user"."last_login", "auth_user"."is_superuser", "auth_user"."username", "auth_user"."first_name", "auth_user"."last_name", "auth_user"."email", "auth_user"."is_staff", "auth_user"."is_active", "auth_user"."date_joined" FROM "auth_user" ORDER BY "auth_user"."id" ASC LIMIT 1; args=(); alias=default
DEBUG 2026-07-13 17:38:22,159 schema 218196 135377056280704 CREATE TABLE "notification_app_notification" ("id" integer NOT NULL PRIMARY KEY AUTOINCREMENT, "user_id" integer NOT NULL REFERENCES "auth_user" ("id") DEFERRABLE INITIALLY DEFERRED, "message" varchar(255) NOT NULL, "is_read" bool NOT NULL, "created_at" datetime NOT NULL, "notification_type" varchar(50) NOT NULL); (params None)
DEBUG 2026-07-13 17:38:22,160 schema 218196 135377056280704 CREATE INDEX "notification_app_notification_user_id_251e255e" ON "notification_app_notification" ("user_id"); (params ())
DEBUG 2026-07-13 17:38:22,161 schema 218196 135377056280704 CREATE TABLE "django_migrations" ("id" integer NOT NULL PRIMARY KEY AUTOINCREMENT, "app" varchar(255) NOT NULL, "name" varchar(255) NOT NULL, "applied" datetime NOT NULL); (params None)
DEBUG 2026-07-13 17:38:22,161 schema 218196 135377056280704 CREATE TABLE "django_content_type" ("id" integer NOT NULL PRIMARY KEY AUTOINCREMENT, "name" varchar(100) NOT NULL, "app_label" varchar(100) NOT NULL, "model" varchar(100) NOT NULL); (params None)
DEBUG 2026-07-13 17:38:22,162 schema 218196 135377056280704 CREATE UNIQUE INDEX "django_content_type_app_label_model_76bd3d3b_uniq" ON "django_content_type" ("app_label", "model"); (params ())
DEBUG 2026-07-13 17:38:22,164 schema 218196 135377056280704 CREATE TABLE "auth_permission" ("id" integer NOT NULL PRIMARY KEY AUTOINCREMENT, "name" varchar(50) NOT NULL, "content_type_id" integer NOT NULL REFERENCES "django_content_type" ("id") DEFERRABLE INITIALLY DEFERRED, "codename" varchar(100) NOT NULL); (params None)
DEBUG 2026-07-13 17:38:22,166 schema 218196 135377056280704 CREATE TABLE "auth_group" ("id" integer NOT NULL PRIMARY KEY AUTOINCREMENT, "name" varchar(80) NOT NULL UNIQUE); (params None)
DEBUG 2026-07-13 17:38:22,166 schema 218196 135377056280704 CREATE TABLE "auth_group_permissions" ("id" integer NOT NULL PRIMARY KEY AUTOINCREMENT, "group_id" integer NOT NULL REFERENCES "auth_group" ("id") DEFERRABLE INITIALLY DEFERRED, "permission_id" integer NOT NULL REFERENCES "auth_permission" ("id") DEFERRABLE INITIALLY DEFERRED); (params None)
DEBUG 2026-07-13 17:38:22,169 schema 218196 135377056280704 CREATE TABLE "auth_user" ("id" integer NOT NULL PRIMARY KEY AUTOINCREMENT, "password" varchar(128) NOT NULL, "last_login" datetime NOT NULL, "is_superuser" bool NOT NULL, "username" varchar(30) NOT NULL UNIQUE, "first_name" varchar(30) NOT NULL, "last_name" varchar(30) NOT NULL, "email" varchar(75) NOT NULL, "is_staff" bool NOT NULL, "is_active" bool NOT NULL, "date_joined" datetime NOT NULL); (params None)
DEBUG 2026-07-13 17:38:22,169 schema 218196 135377056280704 CREATE TABLE "auth_user_groups" ("id" integer NOT NULL PRIMARY KEY AUTOINCREMENT, "user_id" integer NOT NULL REFERENCES "auth_user" ("id") DEFERRABLE INITIALLY DEFERRED, "group_id" integer NOT NULL REFERENCES "auth_group" ("id") DEFERRABLE INITIALLY DEFERRED); (params None)
DEBUG 2026-07-13 17:38:22,169 schema 218196 135377056280704 CREATE TABLE "auth_user_user_permissions" ("id" integer NOT NULL PRIMARY KEY AUTOINCREMENT, "user_id" integer NOT NULL REFERENCES "auth_user" ("id") DEFERRABLE INITIALLY DEFERRED, "permission_id" integer NOT NULL REFERENCES "auth_permission" ("id") DEFERRABLE INITIALLY DEFERRED); (params None)
DEBUG 2026-07-13 17:38:22,169 schema 218196 135377056280704 CREATE UNIQUE INDEX "auth_permission_content_type_id_codename_01ab375a_uniq" ON "auth_permission" ("content_type_id", "codename"); (params ())
DEBUG 2026-07-13 17:38:22,169 schema 218196 135377056280704 CREATE INDEX "auth_permission_content_type_id_2f476e4b" ON "auth_permission" ("content_type_id"); (params ())
DEBUG 2026-07-13 17:38:22,170 schema 218196 135377056280704 CREATE UNIQUE INDEX "auth_group_permissions_group_id_permission_id_0cd325b0_uniq" ON "auth_group_permissions" ("group_id", "permission_id"); (params ())
DEBUG 2026-07-13 17:38:22,170 schema 218196 135377056280704 CREATE INDEX "auth_group_permissions_group_id_b120cbf9" ON "auth_group_permissions" ("group_id"); (params ())
DEBUG 2026-07-13 17:38:22,170 schema 218196 135377056280704 CREATE INDEX "auth_group_permissions_permission_id_84c5c92e" ON "auth_group_permissions" ("permission_id"); (params ())
DEBUG 2026-07-13 17:38:22,170 schema 218196 135377056280704 CREATE UNIQUE INDEX "auth_user_groups_user_id_group_id_94350c0c_uniq" ON "auth_user_groups" ("user_id", "group_id"); (params ())
DEBUG 2026-07-13 17:38:22,170 schema 218196 135377056280704 CREATE INDEX "auth_user_groups_user_id_6a12ed8b" ON "auth_user_groups" ("user_id"); (params ())
DEBUG 2026-07-13 17:38:22,170 schema 218196 135377056280704 CREATE INDEX "auth_user_groups_group_id_97559544" ON "auth_user_groups" ("group_id"); (params ())
DEBUG 2026-07-13 17:38:22,170 schema 218196 135377056280704 CREATE UNIQUE INDEX "auth_user_user_permissions_user_id_permission_id_14a6b632_uniq" ON "auth_user_user_permissions" ("user_id", "permission_id"); (params ())
DEBUG 2026-07-13 17:38:22,170 schema 218196 135377056280704 CREATE INDEX "auth_user_user_permissions_user_id_a95ead1b" ON "auth_user_user_permissions" ("user_id"); (params ())
DEBUG 2026-07-13 17:38:22,170 schema 218196 135377056280704 CREATE INDEX "auth_user_user_permissions_permission_id_1fbb5f2c" ON "auth_user_user_permissions" ("permission_id"); (params ())
DEBUG 2026-07-13 17:38:22,174 schema 218196 135377056280704 CREATE TABLE "django_admin_log" ("id" integer NOT NULL PRIMARY KEY AUTOINCREMENT, "action_time" datetime NOT NULL, "object_id" text NULL, "object_repr" varchar(200) NOT NULL, "action_flag" smallint unsigned NOT NULL CHECK ("action_flag" >= 0), "change_message" text NOT NULL, "content_type_id" integer NULL REFERENCES "django_content_type" ("id") DEFERRABLE INITIALLY DEFERRED, "user_id" integer NOT NULL REFERENCES "auth_user" ("id") DEFERRABLE INITIALLY DEFERRED); (params None)
DEBUG 2026-07-13 17:38:22,174 schema 218196 135377056280704 CREATE INDEX "django_admin_log_content_type_id_c4bce8eb" ON "django_admin_log" ("content_type_id"); (params ())
DEBUG 2026-07-13 17:38:22,174 schema 218196 135377056280704 CREATE INDEX "django_admin_log_user_id_c564eba6" ON "django_admin_log" ("user_id"); (params ())
DEBUG 2026-07-13 17:38:22,178 schema 218196 135377056280704 CREATE TABLE "new__django_admin_log" ("id" integer NOT NULL PRIMARY KEY AUTOINCREMENT, "object_id" text NULL, "object_repr" varchar(200) NOT NULL, "action_flag" smallint unsigned NOT NULL CHECK ("action_flag" >= 0), "change_message" text NOT NULL, "content_type_id" integer NULL REFERENCES "django_content_type" ("id") DEFERRABLE INITIALLY DEFERRED, "user_id" integer NOT NULL REFERENCES "auth_user" ("id") DEFERRABLE INITIALLY DEFERRED, "action_time" datetime NOT NULL); (params None)
DEBUG 2026-07-13 17:38:22,178 schema 218196 135377056280704 INSERT INTO "new__django_admin_log" ("id", "object_id", "object_repr", "action_flag", "change_message", "content_type_id", "user_id", "action_time") SELECT "id", "object_id", "object_repr", "action_flag", "change_message", "content_type_id", "user_id", "action_time" FROM "django_admin_log"; (params ())
DEBUG 2026-07-13 17:38:22,178 schema 218196 135377056280704 DROP TABLE "django_admin_log"; (params ())
DEBUG 2026-07-13 17:38:22,179 schema 218196 135377056280704 ALTER TABLE "new__django_admin_log" RENAME TO "django_admin_log"; (params ())
DEBUG 2026-07-13 17:38:22,179 schema 218196 135377056280704 CREATE INDEX "django_admin_log_content_type_id_c4bce8eb" ON "django_admin_log" ("content_type_id"); (params ())
DEBUG 2026-07-13 17:38:22,179 schema 218196 135377056280704 CREATE INDEX "django_admin_log_user_id_c564eba6" ON "django_admin_log" ("user_id"); (params ())
DEBUG 2026-07-13 17:38:22,187 schema 218196 135377056280704 CREATE TABLE "new__django_content_type" ("id" integer NOT NULL PRIMARY KEY AUTOINCREMENT, "app_label" varchar(100) NOT NULL, "model" varchar(100) NOT NULL, "name" varchar(100) NULL); (params None)
DEBUG 2026-07-13 17:38:22,187 schema 218196 135377056280704 INSERT INTO "new__django_content_type" ("id", "app_label", "model", "name") SELECT "id", "app_label", "model", "name" FROM "django_content_type"; (params ())
DEBUG 2026-07-13 17:38:22,187 schema 218196 135377056280704 DROP TABLE "django_content_type"; (params ())
DEBUG 2026-07-13 17:38:22,187 schema 218196 135377056280704 ALTER TABLE "new__django_content_type" RENAME TO "django_content_type"; (params ())
DEBUG 2026-07-13 17:38:22,188 schema 218196 135377056280704 CREATE UNIQUE INDEX "django_content_type_app_label_model_76bd3d3b_uniq" ON "django_content_type" ("app_label", "model"); (params ())
DEBUG 2026-07-13 17:38:22,192 schema 218196 135377056280704 ALTER TABLE "django_content_type" DROP COLUMN "name"; (params ())
DEBUG 2026-07-13 17:38:22,196 schema 218196 135377056280704 CREATE TABLE "new__auth_permission" ("id" integer NOT NULL PRIMARY KEY AUTOINCREMENT, "content_type_id" integer NOT NULL REFERENCES "django_content_type" ("id") DEFERRABLE INITIALLY DEFERRED, "codename" varchar(100) NOT NULL, "name" varchar(255) NOT NULL); (params None)
DEBUG 2026-07-13 17:38:22,196 schema 218196 135377056280704 INSERT INTO "new__auth_permission" ("id", "content_type_id", "codename", "name") SELECT "id", "content_type_id", "codename", "name" FROM "auth_permission"; (params ())
DEBUG 2026-07-13 17:38:22,197 schema 218196 135377056280704 DROP TABLE "auth_permission"; (params ())
DEBUG 2026-07-13 17:38:22,197 schema 218196 135377056280704 ALTER TABLE "new__auth_permission" RENAME TO "auth_permission"; (params ())
DEBUG 2026-07-13 17:38:22,198 schema 218196 135377056280704 CREATE UNIQUE INDEX "auth_permission_content_type_id_codename_01ab375a_uniq" ON "auth_permission" ("content_type_id", "codename"); (params ())
DEBUG 2026-07-13 17:38:22,198 schema 218196 135377056280704 CREATE INDEX "auth_permission_content_type_id_2f476e4b" ON "auth_permission" ("content_type_id"); (params ())
DEBUG 2026-07-13 17:38:22,202 schema 218196 135377056280704 CREATE TABLE "new__auth_user" ("id" integer NOT NULL PRIMARY KEY AUTOINCREMENT, "password" varchar(128) NOT NULL, "last_login" datetime NOT NULL, "is_superuser" bool NOT NULL, "username" varchar(30) NOT NULL UNIQUE, "first_name" varchar(30) NOT NULL, "last_name" varchar(30) NOT NULL, "is_staff" bool NOT NULL, "is_active" bool NOT NULL, "date_joined" datetime NOT NULL, "email" varchar(254) NOT NULL); (params None)
DEBUG 2026-07-13 17:38:22,202 schema 218196 135377056280704 INSERT INTO "new__auth_user" ("id", "password", "last_login", "is_superuser", "username", "first_name", "last_name", "is_staff", "is_active", "date_joined", "email") SELECT "id", "password", "last_login", "is_superuser", "username", "first_name", "last_name", "is_staff", "is_active", "date_joined", "email" FROM "auth_user"; (params ())
DEBUG 2026-07-13 17:38:22,202 schema 218196 135377056280704 DROP TABLE "auth_user"; (params ())
DEBUG 2026-07-13 17:38:22,202 schema 218196 135377056280704 ALTER TABLE "new__auth_user" RENAME TO "auth_user"; (params ())
DEBUG 2026-07-13 17:38:22,210 schema 218196 135377056280704 CREATE TABLE "new__auth_user" ("id" integer NOT NULL PRIMARY KEY AUTOINCREMENT, "password" varchar(128) NOT NULL, "is_superuser" bool NOT NULL, "username" varchar(30) NOT NULL UNIQUE, "first_name" varchar(30) NOT NULL, "last_name" varchar(30) NOT NULL, "email" varchar(254) NOT NULL, "is_staff" bool NOT NULL, "is_active" bool NOT NULL, "date_joined" datetime NOT NULL, "last_login" datetime NULL); (params None)
DEBUG 2026-07-13 17:38:22,210 schema 218196 135377056280704 INSERT INTO "new__auth_user" ("id", "password", "is_superuser", "username", "first_name", "last_name", "email", "is_staff", "is_active", "date_joined", "last_login") SELECT "id", "password", "is_superuser", "username", "first_name", "last_name", "email", "is_staff", "is_active", "date_joined", "last_login" FROM "auth_user"; (params ())
DEBUG 2026-07-13 17:38:22,210 schema 218196 135377056280704 DROP TABLE "auth_user"; (params ())
DEBUG 2026-07-13 17:38:22,210 schema 218196 135377056280704 ALTER TABLE "new__auth_user" RENAME TO "auth_user"; (params ())
DEBUG 2026-07-13 17:38:22,219 schema 218196 135377056280704 CREATE TABLE "new__auth_user" ("id" integer NOT NULL PRIMARY KEY AUTOINCREMENT, "password" varchar(128) NOT NULL, "last_login" datetime NULL, "is_superuser" bool NOT NULL, "first_name" varchar(30) NOT NULL, "last_name" varchar(30) NOT NULL, "email" varchar(254) NOT NULL, "is_staff" bool NOT NULL, "is_active" bool NOT NULL, "date_joined" datetime NOT NULL, "username" varchar(150) NOT NULL UNIQUE); (params None)
DEBUG 2026-07-13 17:38:22,219 schema 218196 135377056280704 INSERT INTO "new__auth_user" ("id", "password", "last_login", "is_superuser", "first_name", "last_name", "email", "is_staff", "is_active", "date_joined", "username") SELECT "id", "password", "last_login", "is_superuser", "first_name", "last_name", "email", "is_staff", "is_active", "date_joined", "username" FROM "auth_user"; (params ())
DEBUG 2026-07-13 17:38:22,219 schema 218196 135377056280704 DROP TABLE "auth_user"; (params ())
DEBUG 2026-07-13 17:38:22,219 schema 218196 135377056280704 ALTER TABLE "new__auth_user" RENAME TO "auth_user"; (params ())
DEBUG 2026-07-13 17:38:22,223 schema 218196 135377056280704 CREATE TABLE "new__auth_user" ("id" integer NOT NULL PRIMARY KEY AUTOINCREMENT, "password" varchar(128) NOT NULL, "last_login" datetime NULL, "is_superuser" bool NOT NULL, "username" varchar(150) NOT NULL UNIQUE, "first_name" varchar(30) NOT NULL, "email" varchar(254) NOT NULL, "is_staff" bool NOT NULL, "is_active" bool NOT NULL, "date_joined" datetime NOT NULL, "last_name" varchar(150) NOT NULL); (params None)
DEBUG 2026-07-13 17:38:22,223 schema 218196 135377056280704 INSERT INTO "new__auth_user" ("id", "password", "last_login", "is_superuser", "username", "first_name", "email", "is_staff", "is_active", "date_joined", "last_name") SELECT "id", "password", "last_login", "is_superuser", "username", "first_name", "email", "is_staff", "is_active", "date_joined", "last_name" FROM "auth_user"; (params ())
DEBUG 2026-07-13 17:38:22,223 schema 218196 135377056280704 DROP TABLE "auth_user"; (params ())
DEBUG 2026-07-13 17:38:22,223 schema 218196 135377056280704 ALTER TABLE "new__auth_user" RENAME TO "auth_user"; (params ())
DEBUG 2026-07-13 17:38:22,227 schema 218196 135377056280704 CREATE TABLE "new__auth_group" ("id" integer NOT NULL PRIMARY KEY AUTOINCREMENT, "name" varchar(150) NOT NULL UNIQUE); (params None)
DEBUG 2026-07-13 17:38:22,227 schema 218196 135377056280704 INSERT INTO "new__auth_group" ("id", "name") SELECT "id", "name" FROM "auth_group"; (params ())
DEBUG 2026-07-13 17:38:22,227 schema 218196 135377056280704 DROP TABLE "auth_group"; (params ())
DEBUG 2026-07-13 17:38:22,227 schema 218196 135377056280704 ALTER TABLE "new__auth_group" RENAME TO "auth_group"; (params ())
DEBUG 2026-07-13 17:38:22,236 schema 218196 135377056280704 CREATE TABLE "new__auth_user" ("id" integer NOT NULL PRIMARY KEY AUTOINCREMENT, "password" varchar(128) NOT NULL, "last_login" datetime NULL, "is_superuser" bool NOT NULL, "username" varchar(150) NOT NULL UNIQUE, "last_name" varchar(150) NOT NULL, "email" varchar(254) NOT NULL, "is_staff" bool NOT NULL, "is_active" bool NOT NULL, "date_joined" datetime NOT NULL, "first_name" varchar(150) NOT NULL); (params None)
DEBUG 2026-07-13 17:38:22,236 schema 218196 135377056280704 INSERT INTO "new__auth_user" ("id", "password", "last_login", "is_superuser", "username", "last_name", "email", "is_staff", "is_active", "date_joined", "first_name") SELECT "id", "password", "last_login", "is_superuser", "username", "last_name", "email", "is_staff", "is_active", "date_joined", "first_name" FROM "auth_user"; (params ())
DEBUG 2026-07-13 17:38:22,236 schema 218196 135377056280704 DROP TABLE "auth_user"; (params ())
DEBUG 2026-07-13 17:38:22,236 schema 218196 135377056280704 ALTER TABLE "new__auth_user" RENAME TO "auth_user"; (params ())
DEBUG 2026-07-13 17:38:22,237 schema 218196 135377056280704 CREATE TABLE "django_session" ("session_key" varchar(40) NOT NULL PRIMARY KEY, "session_data" text NOT NULL, "expire_date" datetime NOT NULL); (params None)
DEBUG 2026-07-13 17:38:22,238 schema 218196 135377056280704 CREATE INDEX "django_session_expire_date_a5c62663" ON "django_session" ("expire_date"); (params ())
DEBUG 2026-07-13 17:41:09,510 schema 220365 130966938144896 CREATE TABLE "notification_app_notification" ("id" integer NOT NULL PRIMARY KEY AUTOINCREMENT, "user_id" integer NOT NULL REFERENCES "auth_user" ("id") DEFERRABLE INITIALLY DEFERRED, "message" varchar(255) NOT NULL, "is_read" bool NOT NULL, "created_at" datetime NOT NULL, "notification_type" varchar(50) NOT NULL); (params None)
DEBUG 2026-07-13 17:41:09,511 schema 220365 130966938144896 CREATE INDEX "notification_app_notification_user_id_251e255e" ON "notification_app_notification" ("user_id"); (params ())
DEBUG 2026-07-13 17:41:09,512 schema 220365 130966938144896 CREATE TABLE "django_migrations" ("id" integer NOT NULL PRIMARY KEY AUTOINCREMENT, "app" varchar(255) NOT NULL, "name" varchar(255) NOT NULL, "applied" datetime NOT NULL); (params None)
DEBUG 2026-07-13 17:41:09,512 schema 220365 130966938144896 CREATE TABLE "django_content_type" ("id" integer NOT NULL PRIMARY KEY AUTOINCREMENT, "name" varchar(100) NOT NULL, "app_label" varchar(100) NOT NULL, "model" varchar(100) NOT NULL); (params None)
DEBUG 2026-07-13 17:41:09,513 schema 220365 130966938144896 CREATE UNIQUE INDEX "django_content_type_app_label_model_76bd3d3b_uniq" ON "django_content_type" ("app_label", "model"); (params ())
DEBUG 2026-07-13 17:41:09,515 schema 220365 130966938144896 CREATE TABLE "auth_permission" ("id" integer NOT NULL PRIMARY KEY AUTOINCREMENT, "name" varchar(50) NOT NULL, "content_type_id" integer NOT NULL REFERENCES "django_content_type" ("id") DEFERRABLE INITIALLY DEFERRED, "codename" varchar(100) NOT NULL); (params None)
DEBUG 2026-07-13 17:41:09,517 schema 220365 130966938144896 CREATE TABLE "auth_group" ("id" integer NOT NULL PRIMARY KEY AUTOINCREMENT, "name" varchar(80) NOT NULL UNIQUE); (params None)
DEBUG 2026-07-13 17:41:09,517 schema 220365 130966938144896 CREATE TABLE "auth_group_permissions" ("id" integer NOT NULL PRIMARY KEY AUTOINCREMENT, "group_id" integer NOT NULL REFERENCES "auth_group" ("id") DEFERRABLE INITIALLY DEFERRED, "permission_id" integer NOT NULL REFERENCES "auth_permission" ("id") DEFERRABLE INITIALLY DEFERRED); (params None)
DEBUG 2026-07-13 17:41:09,520 schema 220365 130966938144896 CREATE TABLE "auth_user" ("id" integer NOT NULL PRIMARY KEY AUTOINCREMENT, "password" varchar(128) NOT NULL, "last_login" datetime NOT NULL, "is_superuser" bool NOT NULL, "username" varchar(30) NOT NULL UNIQUE, "first_name" varchar(30) NOT NULL, "last_name" varchar(30) NOT NULL, "email" varchar(75) NOT NULL, "is_staff" bool NOT NULL, "is_active" bool NOT NULL, "date_joined" datetime NOT NULL); (params None)
DEBUG 2026-07-13 17:41:09,520 schema 220365 130966938144896 CREATE TABLE "auth_user_groups" ("id" integer NOT NULL PRIMARY KEY AUTOINCREMENT, "user_id" integer NOT NULL REFERENCES "auth_user" ("id") DEFERRABLE INITIALLY DEFERRED, "group_id" integer NOT NULL REFERENCES "auth_group" ("id") DEFERRABLE INITIALLY DEFERRED); (params None)
DEBUG 2026-07-13 17:41:09,520 schema 220365 130966938144896 CREATE TABLE "auth_user_user_permissions" ("id" integer NOT NULL PRIMARY KEY AUTOINCREMENT, "user_id" integer NOT NULL REFERENCES "auth_user" ("id") DEFERRABLE INITIALLY DEFERRED, "permission_id" integer NOT NULL REFERENCES "auth_permission" ("id") DEFERRABLE INITIALLY DEFERRED); (params None)
DEBUG 2026-07-13 17:41:09,520 schema 220365 130966938144896 CREATE UNIQUE INDEX "auth_permission_content_type_id_codename_01ab375a_uniq" ON "auth_permission" ("content_type_id", "codename"); (params ())
DEBUG 2026-07-13 17:41:09,521 schema 220365 130966938144896 CREATE INDEX "auth_permission_content_type_id_2f476e4b" ON "auth_permission" ("content_type_id"); (params ())
DEBUG 2026-07-13 17:41:09,521 schema 220365 130966938144896 CREATE UNIQUE INDEX "auth_group_permissions_group_id_permission_id_0cd325b0_uniq" ON "auth_group_permissions" ("group_id", "permission_id"); (params ())
DEBUG 2026-07-13 17:41:09,521 schema 220365 130966938144896 CREATE INDEX "auth_group_permissions_group_id_b120cbf9" ON "auth_group_permissions" ("group_id"); (params ())
DEBUG 2026-07-13 17:41:09,521 schema 220365 130966938144896 CREATE INDEX "auth_group_permissions_permission_id_84c5c92e" ON "auth_group_permissions" ("permission_id"); (params ())
DEBUG 2026-07-13 17:41:09,521 schema 220365 130966938144896 CREATE UNIQUE INDEX "auth_user_groups_user_id_group_id_94350c0c_uniq" ON "auth_user_groups" ("user_id", "group_id"); (params ())
DEBUG 2026-07-13 17:41:09,521 schema 220365 130966938144896 CREATE INDEX "auth_user_groups_user_id_6a12ed8b" ON "auth_user_groups" ("user_id"); (params ())
DEBUG 2026-07-13 17:41:09,521 schema 220365 130966938144896 CREATE INDEX "auth_user_groups_group_id_97559544" ON "auth_user_groups" ("group_id"); (params ())
DEBUG 2026-07-13 17:41:09,521 schema 220365 130966938144896 CREATE UNIQUE INDEX "auth_user_user_permissions_user_id_permission_id_14a6b632_uniq" ON "auth_user_user_permissions" ("user_id", "permission_id"); (params ())
DEBUG 2026-07-13 17:41:09,521 schema 220365 130966938144896 CREATE INDEX "auth_user_user_permissions_user_id_a95ead1b" ON "auth_user_user_permissions" ("user_id"); (params ())
DEBUG 2026-07-13 17:41:09,521 schema 220365 130966938144896 CREATE INDEX "auth_user_user_permissions_permission_id_1fbb5f2c" ON "auth_user_user_permissions" ("permission_id"); (params ())
DEBUG 2026-07-13 17:41:09,525 schema 220365 130966938144896 CREATE TABLE "django_admin_log" ("id" integer NOT NULL PRIMARY KEY AUTOINCREMENT, "action_time" datetime NOT NULL, "object_id" text NULL, "object_repr" varchar(200) NOT NULL, "action_flag" smallint unsigned NOT NULL CHECK ("action_flag" >= 0), "change_message" text NOT NULL, "content_type_id" integer NULL REFERENCES "django_content_type" ("id") DEFERRABLE INITIALLY DEFERRED, "user_id" integer NOT NULL REFERENCES "auth_user" ("id") DEFERRABLE INITIALLY DEFERRED); (params None)
DEBUG 2026-07-13 17:41:09,525 schema 220365 130966938144896 CREATE INDEX "django_admin_log_content_type_id_c4bce8eb" ON "django_admin_log" ("content_type_id"); (params ())
DEBUG 2026-07-13 17:41:09,525 schema 220365 130966938144896 CREATE INDEX "django_admin_log_user_id_c564eba6" ON "django_admin_log" ("user_id"); (params ())
DEBUG 2026-07-13 17:41:09,529 schema 220365 130966938144896 CREATE TABLE "new__django_admin_log" ("id" integer NOT NULL PRIMARY KEY AUTOINCREMENT, "object_id" text NULL, "object_repr" varchar(200) NOT NULL, "action_flag" smallint unsigned NOT NULL CHECK ("action_flag" >= 0), "change_message" text NOT NULL, "content_type_id" integer NULL REFERENCES "django_content_type" ("id") DEFERRABLE INITIALLY DEFERRED, "user_id" integer NOT NULL REFERENCES "auth_user" ("id") DEFERRABLE INITIALLY DEFERRED, "action_time" datetime NOT NULL); (params None)
DEBUG 2026-07-13 17:41:09,529 schema 220365 130966938144896 INSERT INTO "new__django_admin_log" ("id", "object_id", "object_repr", "action_flag", "change_message", "content_type_id", "user_id", "action_time") SELECT "id", "object_id", "object_repr", "action_flag", "change_message", "content_type_id", "user_id", "action_time" FROM "django_admin_log"; (params ())
DEBUG 2026-07-13 17:41:09,529 schema 220365 130966938144896 DROP TABLE "django_admin_log"; (params ())
DEBUG 2026-07-13 17:41:09,530 schema 220365 130966938144896 ALTER TABLE "new__django_admin_log" RENAME TO "django_admin_log"; (params ())
DEBUG 2026-07-13 17:41:09,530 schema 220365 130966938144896 CREATE INDEX "django_admin_log_content_type_id_c4bce8eb" ON "django_admin_log" ("content_type_id"); (params ())
DEBUG 2026-07-13 17:41:09,530 schema 220365 130966938144896 CREATE INDEX "django_admin_log_user_id_c564eba6" ON "django_admin_log" ("user_id"); (params ())
DEBUG 2026-07-13 17:41:09,537 schema 220365 130966938144896 CREATE TABLE "new__django_content_type" ("id" integer NOT NULL PRIMARY KEY AUTOINCREMENT, "app_label" varchar(100) NOT NULL, "model" varchar(100) NOT NULL, "name" varchar(100) NULL); (params None)
DEBUG 2026-07-13 17:41:09,537 schema 220365 130966938144896 INSERT INTO "new__django_content_type" ("id", "app_label", "model", "name") SELECT "id", "app_label", "model", "name" FROM "django_content_type"; (params ())
DEBUG 2026-07-13 17:41:09,538 schema 220365 130966938144896 DROP TABLE "django_content_type"; (params ())
DEBUG 2026-07-13 17:41:09,538 schema 220365 130966938144896 ALTER TABLE "new__django_content_type" RENAME TO "django_content_type"; (params ())
DEBUG 2026-07-13 17:41:09,538 schema 220365 130966938144896 CREATE UNIQUE INDEX "django_content_type_app_label_model_76bd3d3b_uniq" ON "django_content_type" ("app_label", "model"); (params ())
DEBUG 2026-07-13 17:41:09,542 schema 220365 130966938144896 ALTER TABLE "django_content_type" DROP COLUMN "name"; (params ())
DEBUG 2026-07-13 17:41:09,548 schema 220365 130966938144896 CREATE TABLE "new__auth_permission" ("id" integer NOT NULL PRIMARY KEY AUTOINCREMENT, "content_type_id" integer NOT NULL REFERENCES "django_content_type" ("id") DEFERRABLE INITIALLY DEFERRED, "codename" varchar(100) NOT NULL, "name" varchar(255) NOT NULL); (params None)
DEBUG 2026-07-13 17:41:09,548 schema 220365 130966938144896 INSERT INTO "new__auth_permission" ("id", "content_type_id", "codename", "name") SELECT "id", "content_type_id", "codename", "name" FROM "auth_permission"; (params ())
DEBUG 2026-07-13 17:41:09,549 schema 220365 130966938144896 DROP TABLE "auth_permission"; (params ())
DEBUG 2026-07-13 17:41:09,549 schema 220365 130966938144896 ALTER TABLE "new__auth_permission" RENAME TO "auth_permission"; (params ())
DEBUG 2026-07-13 17:41:09,549 schema 220365 130966938144896 CREATE UNIQUE INDEX "auth_permission_content_type_id_codename_01ab375a_uniq" ON "auth_permission" ("content_type_id", "codename"); (params ())
DEBUG 2026-07-13 17:41:09,549 schema 220365 130966938144896 CREATE INDEX "auth_permission_content_type_id_2f476e4b" ON "auth_permission" ("content_type_id"); (params ())
DEBUG 2026-07-13 17:41:09,553 schema 220365 130966938144896 CREATE TABLE "new__auth_user" ("id" integer NOT NULL PRIMARY KEY AUTOINCREMENT, "password" varchar(128) NOT NULL, "last_login" datetime NOT NULL, "is_superuser" bool NOT NULL, "username" varchar(30) NOT NULL UNIQUE, "first_name" varchar(30) NOT NULL, "last_name" varchar(30) NOT NULL, "is_staff" bool NOT NULL, "is_active" bool NOT NULL, "date_joined" datetime NOT NULL, "email" varchar(254) NOT NULL); (params None)
DEBUG 2026-07-13 17:41:09,553 schema 220365 130966938144896 INSERT INTO "new__auth_user" ("id", "password", "last_login", "is_superuser", "username", "first_name", "last_name", "is_staff", "is_active", "date_joined", "email") SELECT "id", "password", "last_login", "is_superuser", "username", "first_name", "last_name", "is_staff", "is_active", "date_joined", "email" FROM "auth_user"; (params ())
DEBUG 2026-07-13 17:41:09,553 schema 220365 130966938144896 DROP TABLE "auth_user"; (params ())
DEBUG 2026-07-13 17:41:09,553 schema 220365 130966938144896 ALTER TABLE "new__auth_user" RENAME TO "auth_user"; (params ())
DEBUG 2026-07-13 17:41:09,560 schema 220365 130966938144896 CREATE TABLE "new__auth_user" ("id" integer NOT NULL PRIMARY KEY AUTOINCREMENT, "password" varchar(128) NOT NULL, "is_superuser" bool NOT NULL, "username" varchar(30) NOT NULL UNIQUE, "first_name" varchar(30) NOT NULL, "last_name" varchar(30) NOT NULL, "email" varchar(254) NOT NULL, "is_staff" bool NOT NULL, "is_active" bool NOT NULL, "date_joined" datetime NOT NULL, "last_login" datetime NULL); (params None)
DEBUG 2026-07-13 17:41:09,560 schema 220365 130966938144896 INSERT INTO "new__auth_user" ("id", "password", "is_superuser", "username", "first_name", "last_name", "email", "is_staff", "is_active", "date_joined", "last_login") SELECT "id", "password", "is_superuser", "username", "first_name", "last_name", "email", "is_staff", "is_active", "date_joined", "last_login" FROM "auth_user"; (params ())
DEBUG 2026-07-13 17:41:09,560 schema 220365 130966938144896 DROP TABLE "auth_user"; (params ())
DEBUG 2026-07-13 17:41:09,560 schema 220365 130966938144896 ALTER TABLE "new__auth_user" RENAME TO "auth_user"; (params ())
DEBUG 2026-07-13 17:41:09,568 schema 220365 130966938144896 CREATE TABLE "new__auth_user" ("id" integer NOT NULL PRIMARY KEY AUTOINCREMENT, "password" varchar(128) NOT NULL, "last_login" datetime NULL, "is_superuser" bool NOT NULL, "first_name" varchar(30) NOT NULL, "last_name" varchar(30) NOT NULL, "email" varchar(254) NOT NULL, "is_staff" bool NOT NULL, "is_active" bool NOT NULL, "date_joined" datetime NOT NULL, "username" varchar(150) NOT NULL UNIQUE); (params None)
DEBUG 2026-07-13 17:41:09,569 schema 220365 130966938144896 INSERT INTO "new__auth_user" ("id", "password", "last_login", "is_superuser", "first_name", "last_name", "email", "is_staff", "is_active", "date_joined", "username") SELECT "id", "password", "last_login", "is_superuser", "first_name", "last_name", "email", "is_staff", "is_active", "date_joined", "username" FROM "auth_user"; (params ())
DEBUG 2026-07-13 17:41:09,569 schema 220365 130966938144896 DROP TABLE "auth_user"; (params ())
DEBUG 2026-07-13 17:41:09,569 schema 220365 130966938144896 ALTER TABLE "new__auth_user" RENAME TO "auth_user"; (params ())
DEBUG 2026-07-13 17:41:09,573 schema 220365 130966938144896 CREATE TABLE "new__auth_user" ("id" integer NOT NULL PRIMARY KEY AUTOINCREMENT, "password" varchar(128) NOT NULL, "last_login" datetime NULL, "is_superuser" bool NOT NULL, "username" varchar(150) NOT NULL UNIQUE, "first_name" varchar(30) NOT NULL, "email" varchar(254) NOT NULL, "is_staff" bool NOT NULL, "is_active" bool NOT NULL, "date_joined" datetime NOT NULL, "last_name" varchar(150) NOT NULL); (params None)
DEBUG 2026-07-13 17:41:09,573 schema 220365 130966938144896 INSERT INTO "new__auth_user" ("id", "password", "last_login", "is_superuser", "username", "first_name", "email", "is_staff", "is_active", "date_joined", "last_name") SELECT "id", "password", "last_login", "is_superuser", "username", "first_name", "email", "is_staff", "is_active", "date_joined", "last_name" FROM "auth_user"; (params ())
DEBUG 2026-07-13 17:41:09,573 schema 220365 130966938144896 DROP TABLE "auth_user"; (params ())
DEBUG 2026-07-13 17:41:09,573 schema 220365 130966938144896 ALTER TABLE "new__auth_user" RENAME TO "auth_user"; (params ())
DEBUG 2026-07-13 17:41:09,577 schema 220365 130966938144896 CREATE TABLE "new__auth_group" ("id" integer NOT NULL PRIMARY KEY AUTOINCREMENT, "name" varchar(150) NOT NULL UNIQUE); (params None)
DEBUG 2026-07-13 17:41:09,577 schema 220365 130966938144896 INSERT INTO "new__auth_group" ("id", "name") SELECT "id", "name" FROM "auth_group"; (params ())
DEBUG 2026-07-13 17:41:09,578 schema 220365 130966938144896 DROP TABLE "auth_group"; (params ())
DEBUG 2026-07-13 17:41:09,578 schema 220365 130966938144896 ALTER TABLE "new__auth_group" RENAME TO "auth_group"; (params ())
DEBUG 2026-07-13 17:41:09,587 schema 220365 130966938144896 CREATE TABLE "new__auth_user" ("id" integer NOT NULL PRIMARY KEY AUTOINCREMENT, "password" varchar(128) NOT NULL, "last_login" datetime NULL, "is_superuser" bool NOT NULL, "username" varchar(150) NOT NULL UNIQUE, "last_name" varchar(150) NOT NULL, "email" varchar(254) NOT NULL, "is_staff" bool NOT NULL, "is_active" bool NOT NULL, "date_joined" datetime NOT NULL, "first_name" varchar(150) NOT NULL); (params None)
DEBUG 2026-07-13 17:41:09,588 schema 220365 130966938144896 INSERT INTO "new__auth_user" ("id", "password", "last_login", "is_superuser", "username", "last_name", "email", "is_staff", "is_active", "date_joined", "first_name") SELECT "id", "password", "last_login", "is_superuser", "username", "last_name", "email", "is_staff", "is_active", "date_joined", "first_name" FROM "auth_user"; (params ())
DEBUG 2026-07-13 17:41:09,588 schema 220365 130966938144896 DROP TABLE "auth_user"; (params ())
DEBUG 2026-07-13 17:41:09,588 schema 220365 130966938144896 ALTER TABLE "new__auth_user" RENAME TO "auth_user"; (params ())
DEBUG 2026-07-13 17:41:09,590 schema 220365 130966938144896 CREATE TABLE "django_session" ("session_key" varchar(40) NOT NULL PRIMARY KEY, "session_data" text NOT NULL, "expire_date" datetime NOT NULL); (params None)
DEBUG 2026-07-13 17:41:09,590 schema 220365 130966938144896 CREATE INDEX "django_session_expire_date_a5c62663" ON "django_session" ("expire_date"); (params ())
WARNING 2026-07-13 17:41:09,970 log 220365 130966938144896 Forbidden: /notifications/notifications/
WARNING 2026-07-13 17:41:10,799 log 220365 130966938144896 Not Found: /notifications/notifications/1/
DEBUG 2026-07-13 17:41:40,359 schema 220774 129516935975040 CREATE TABLE "notification_app_notification" ("id" integer NOT NULL PRIMARY KEY AUTOINCREMENT, "user_id" integer NOT NULL REFERENCES "auth_user" ("id") DEFERRABLE INITIALLY DEFERRED, "message" varchar(255) NOT NULL, "is_read" bool NOT NULL, "created_at" datetime NOT NULL, "notification_type" varchar(50) NOT NULL); (params None)
DEBUG 2026-07-13 17:41:40,360 schema 220774 129516935975040 CREATE INDEX "notification_app_notification_user_id_251e255e" ON "notification_app_notification" ("user_id"); (params ())
DEBUG 2026-07-13 17:41:40,361 schema 220774 129516935975040 CREATE TABLE "django_migrations" ("id" integer NOT NULL PRIMARY KEY AUTOINCREMENT, "app" varchar(255) NOT NULL, "name" varchar(255) NOT NULL, "applied" datetime NOT NULL); (params None)
DEBUG 2026-07-13 17:41:40,362 schema 220774 129516935975040 CREATE TABLE "django_content_type" ("id" integer NOT NULL PRIMARY KEY AUTOINCREMENT, "name" varchar(100) NOT NULL, "app_label" varchar(100) NOT NULL, "model" varchar(100) NOT NULL); (params None)
DEBUG 2026-07-13 17:41:40,362 schema 220774 129516935975040 CREATE UNIQUE INDEX "django_content_type_app_label_model_76bd3d3b_uniq" ON "django_content_type" ("app_label", "model"); (params ())
DEBUG 2026-07-13 17:41:40,364 schema 220774 129516935975040 CREATE TABLE "auth_permission" ("id" integer NOT NULL PRIMARY KEY AUTOINCREMENT, "name" varchar(50) NOT NULL, "content_type_id" integer NOT NULL REFERENCES "django_content_type" ("id") DEFERRABLE INITIALLY DEFERRED, "codename" varchar(100) NOT NULL); (params None)
DEBUG 2026-07-13 17:41:40,365 schema 220774 129516935975040 CREATE TABLE "auth_group" ("id" integer NOT NULL PRIMARY KEY AUTOINCREMENT, "name" varchar(80) NOT NULL UNIQUE); (params None)
DEBUG 2026-07-13 17:41:40,366 schema 220774 129516935975040 CREATE TABLE "auth_group_permissions" ("id" integer NOT NULL PRIMARY KEY AUTOINCREMENT, "group_id" integer NOT NULL REFERENCES "auth_group" ("id") DEFERRABLE INITIALLY DEFERRED, "permission_id" integer NOT NULL REFERENCES "auth_permission" ("id") DEFERRABLE INITIALLY DEFERRED); (params None)
DEBUG 2026-07-13 17:41:40,368 schema 220774 129516935975040 CREATE TABLE "auth_user" ("id" integer NOT NULL PRIMARY KEY AUTOINCREMENT, "password" varchar(128) NOT NULL, "last_login" datetime NOT NULL, "is_superuser" bool NOT NULL, "username" varchar(30) NOT NULL UNIQUE, "first_name" varchar(30) NOT NULL, "last_name" varchar(30) NOT NULL, "email" varchar(75) NOT NULL, "is_staff" bool NOT NULL, "is_active" bool NOT NULL, "date_joined" datetime NOT NULL); (params None)
DEBUG 2026-07-13 17:41:40,368 schema 220774 129516935975040 CREATE TABLE "auth_user_groups" ("id" integer NOT NULL PRIMARY KEY AUTOINCREMENT, "user_id" integer NOT NULL REFERENCES "auth_user" ("id") DEFERRABLE INITIALLY DEFERRED, "group_id" integer NOT NULL REFERENCES "auth_group" ("id") DEFERRABLE INITIALLY DEFERRED); (params None)
DEBUG 2026-07-13 17:41:40,369 schema 220774 129516935975040 CREATE TABLE "auth_user_user_permissions" ("id" integer NOT NULL PRIMARY KEY AUTOINCREMENT, "user_id" integer NOT NULL REFERENCES "auth_user" ("id") DEFERRABLE INITIALLY DEFERRED, "permission_id" integer NOT NULL REFERENCES "auth_permission" ("id") DEFERRABLE INITIALLY DEFERRED); (params None)
DEBUG 2026-07-13 17:41:40,369 schema 220774 129516935975040 CREATE UNIQUE INDEX "auth_permission_content_type_id_codename_01ab375a_uniq" ON "auth_permission" ("content_type_id", "codename"); (params ())
DEBUG 2026-07-13 17:41:40,369 schema 220774 129516935975040 CREATE INDEX "auth_permission_content_type_id_2f476e4b" ON "auth_permission" ("content_type_id"); (params ())
DEBUG 2026-07-13 17:41:40,369 schema 220774 129516935975040 CREATE UNIQUE INDEX "auth_group_permissions_group_id_permission_id_0cd325b0_uniq" ON "auth_group_permissions" ("group_id", "permission_id"); (params ())
DEBUG 2026-07-13 17:41:40,369 schema 220774 129516935975040 CREATE INDEX "auth_group_permissions_group_id_b120cbf9" ON "auth_group_permissions" ("group_id"); (params ())
DEBUG 2026-07-13 17:41:40,369 schema 220774 129516935975040 CREATE INDEX "auth_group_permissions_permission_id_84c5c92e" ON "auth_group_permissions" ("permission_id"); (params ())
DEBUG 2026-07-13 17:41:40,369 schema 220774 129516935975040 CREATE UNIQUE INDEX "auth_user_groups_user_id_group_id_94350c0c_uniq" ON "auth_user_groups" ("user_id", "group_id"); (params ())
DEBUG 2026-07-13 17:41:40,370 schema 220774 129516935975040 CREATE INDEX "auth_user_groups_user_id_6a12ed8b" ON "auth_user_groups" ("user_id"); (params ())
DEBUG 2026-07-13 17:41:40,370 schema 220774 129516935975040 CREATE INDEX "auth_user_groups_group_id_97559544" ON "auth_user_groups" ("group_id"); (params ())
DEBUG 2026-07-13 17:41:40,370 schema 220774 129516935975040 CREATE UNIQUE INDEX "auth_user_user_permissions_user_id_permission_id_14a6b632_uniq" ON "auth_user_user_permissions" ("user_id", "permission_id"); (params ())
DEBUG 2026-07-13 17:41:40,370 schema 220774 129516935975040 CREATE INDEX "auth_user_user_permissions_user_id_a95ead1b" ON "auth_user_user_permissions" ("user_id"); (params ())
DEBUG 2026-07-13 17:41:40,370 schema 220774 129516935975040 CREATE INDEX "auth_user_user_permissions_permission_id_1fbb5f2c" ON "auth_user_user_permissions" ("permission_id"); (params ())
DEBUG 2026-07-13 17:41:40,374 schema 220774 129516935975040 CREATE TABLE "django_admin_log" ("id" integer NOT NULL PRIMARY KEY AUTOINCREMENT, "action_time" datetime NOT NULL, "object_id" text NULL, "object_repr" varchar(200) NOT NULL, "action_flag" smallint unsigned NOT NULL CHECK ("action_flag" >= 0), "change_message" text NOT NULL, "content_type_id" integer NULL REFERENCES "django_content_type" ("id") DEFERRABLE INITIALLY DEFERRED, "user_id" integer NOT NULL REFERENCES "auth_user" ("id") DEFERRABLE INITIALLY DEFERRED); (params None)
DEBUG 2026-07-13 17:41:40,374 schema 220774 129516935975040 CREATE INDEX "django_admin_log_content_type_id_c4bce8eb" ON "django_admin_log" ("content_type_id"); (params ())
DEBUG 2026-07-13 17:41:40,375 schema 220774 129516935975040 CREATE INDEX "django_admin_log_user_id_c564eba6" ON "django_admin_log" ("user_id"); (params ())
DEBUG 2026-07-13 17:41:40,379 schema 220774 129516935975040 CREATE TABLE "new__django_admin_log" ("id" integer NOT NULL PRIMARY KEY AUTOINCREMENT, "object_id" text NULL, "object_repr" varchar(200) NOT NULL, "action_flag" smallint unsigned NOT NULL CHECK ("action_flag" >= 0), "change_message" text NOT NULL, "content_type_id" integer NULL REFERENCES "django_content_type" ("id") DEFERRABLE INITIALLY DEFERRED, "user_id" integer NOT NULL REFERENCES "auth_user" ("id") DEFERRABLE INITIALLY DEFERRED, "action_time" datetime NOT NULL); (params None)
DEBUG 2026-07-13 17:41:40,379 schema 220774 129516935975040 INSERT INTO "new__django_admin_log" ("id", "object_id", "object_repr", "action_flag", "change_message", "content_type_id", "user_id", "action_time") SELECT "id", "object_id", "object_repr", "action_flag", "change_message", "content_type_id", "user_id", "action_time" FROM "django_admin_log"; (params ())
DEBUG 2026-07-13 17:41:40,379 schema 220774 129516935975040 DROP TABLE "django_admin_log"; (params ())
DEBUG 2026-07-13 17:41:40,379 schema 220774 129516935975040 ALTER TABLE "new__django_admin_log" RENAME TO "django_admin_log"; (params ())
DEBUG 2026-07-13 17:41:40,380 schema 220774 129516935975040 CREATE INDEX "django_admin_log_content_type_id_c4bce8eb" ON "django_admin_log" ("content_type_id"); (params ())
DEBUG 2026-07-13 17:41:40,380 schema 220774 129516935975040 CREATE INDEX "django_admin_log_user_id_c564eba6" ON "django_admin_log" ("user_id"); (params ())
DEBUG 2026-07-13 17:41:40,386 schema 220774 129516935975040 CREATE TABLE "new__django_content_type" ("id" integer NOT NULL PRIMARY KEY AUTOINCREMENT, "app_label" varchar(100) NOT NULL, "model" varchar(100) NOT NULL, "name" varchar(100) NULL); (params None)
DEBUG 2026-07-13 17:41:40,386 schema 220774 129516935975040 INSERT INTO "new__django_content_type" ("id", "app_label", "model", "name") SELECT "id", "app_label", "model", "name" FROM "django_content_type"; (params ())
DEBUG 2026-07-13 17:41:40,386 schema 220774 129516935975040 DROP TABLE "django_content_type"; (params ())
DEBUG 2026-07-13 17:41:40,387 schema 220774 129516935975040 ALTER TABLE "new__django_content_type" RENAME TO "django_content_type"; (params ())
DEBUG 2026-07-13 17:41:40,387 schema 220774 129516935975040 CREATE UNIQUE INDEX "django_content_type_app_label_model_76bd3d3b_uniq" ON "django_content_type" ("app_label", "model"); (params ())
DEBUG 2026-07-13 17:41:40,391 schema 220774 129516935975040 ALTER TABLE "django_content_type" DROP COLUMN "name"; (params ())
DEBUG 2026-07-13 17:41:40,395 schema 220774 129516935975040 CREATE TABLE "new__auth_permission" ("id" integer NOT NULL PRIMARY KEY AUTOINCREMENT, "content_type_id" integer NOT NULL REFERENCES "django_content_type" ("id") DEFERRABLE INITIALLY DEFERRED, "codename" varchar(100) NOT NULL, "name" varchar(255) NOT NULL); (params None)
DEBUG 2026-07-13 17:41:40,396 schema 220774 129516935975040 INSERT INTO "new__auth_permission" ("id", "content_type_id", "codename", "name") SELECT "id", "content_type_id", "codename", "name" FROM "auth_permission"; (params ())
DEBUG 2026-07-13 17:41:40,396 schema 220774 129516935975040 DROP TABLE "auth_permission"; (params ())
DEBUG 2026-07-13 17:41:40,396 schema 220774 129516935975040 ALTER TABLE "new__auth_permission" RENAME TO "auth_permission"; (params ())
DEBUG 2026-07-13 17:41:40,396 schema 220774 129516935975040 CREATE UNIQUE INDEX "auth_permission_content_type_id_codename_01ab375a_uniq" ON "auth_permission" ("content_type_id", "codename"); (params ())
DEBUG 2026-07-13 17:41:40,396 schema 220774 129516935975040 CREATE INDEX "auth_permission_content_type_id_2f476e4b" ON "auth_permission" ("content_type_id"); (params ())
DEBUG 2026-07-13 17:41:40,400 schema 220774 129516935975040 CREATE TABLE "new__auth_user" ("id" integer NOT NULL PRIMARY KEY AUTOINCREMENT, "password" varchar(128) NOT NULL, "last_login" datetime NOT NULL, "is_superuser" bool NOT NULL, "username" varchar(30) NOT NULL UNIQUE, "first_name" varchar(30) NOT NULL, "last_name" varchar(30) NOT NULL, "is_staff" bool NOT NULL, "is_active" bool NOT NULL, "date_joined" datetime NOT NULL, "email" varchar(254) NOT NULL); (params None)
DEBUG 2026-07-13 17:41:40,400 schema 220774 129516935975040 INSERT INTO "new__auth_user" ("id", "password", "last_login", "is_superuser", "username", "first_name", "last_name", "is_staff", "is_active", "date_joined", "email") SELECT "id", "password", "last_login", "is_superuser", "username", "first_name", "last_name", "is_staff", "is_active", "date_joined", "email" FROM "auth_user"; (params ())
DEBUG 2026-07-13 17:41:40,400 schema 220774 129516935975040 DROP TABLE "auth_user"; (params ())
DEBUG 2026-07-13 17:41:40,400 schema 220774 129516935975040 ALTER TABLE "new__auth_user" RENAME TO "auth_user"; (params ())
DEBUG 2026-07-13 17:41:40,408 schema 220774 129516935975040 CREATE TABLE "new__auth_user" ("id" integer NOT NULL PRIMARY KEY AUTOINCREMENT, "password" varchar(128) NOT NULL, "is_superuser" bool NOT NULL, "username" varchar(30) NOT NULL UNIQUE, "first_name" varchar(30) NOT NULL, "last_name" varchar(30) NOT NULL, "email" varchar(254) NOT NULL, "is_staff" bool NOT NULL, "is_active" bool NOT NULL, "date_joined" datetime NOT NULL, "last_login" datetime NULL); (params None)
DEBUG 2026-07-13 17:41:40,408 schema 220774 129516935975040 INSERT INTO "new__auth_user" ("id", "password", "is_superuser", "username", "first_name", "last_name", "email", "is_staff", "is_active", "date_joined", "last_login") SELECT "id", "password", "is_superuser", "username", "first_name", "last_name", "email", "is_staff", "is_active", "date_joined", "last_login" FROM "auth_user"; (params ())
DEBUG 2026-07-13 17:41:40,408 schema 220774 129516935975040 DROP TABLE "auth_user"; (params ())
DEBUG 2026-07-13 17:41:40,408 schema 220774 129516935975040 ALTER TABLE "new__auth_user" RENAME TO "auth_user"; (params ())
DEBUG 2026-07-13 17:41:40,416 schema 220774 129516935975040 CREATE TABLE "new__auth_user" ("id" integer NOT NULL PRIMARY KEY AUTOINCREMENT, "password" varchar(128) NOT NULL, "last_login" datetime NULL, "is_superuser" bool NOT NULL, "first_name" varchar(30) NOT NULL, "last_name" varchar(30) NOT NULL, "email" varchar(254) NOT NULL, "is_staff" bool NOT NULL, "is_active" bool NOT NULL, "date_joined" datetime NOT NULL, "username" varchar(150) NOT NULL UNIQUE); (params None)
DEBUG 2026-07-13 17:41:40,416 schema 220774 129516935975040 INSERT INTO "new__auth_user" ("id", "password", "last_login", "is_superuser", "first_name", "last_name", "email", "is_staff", "is_active", "date_joined", "username") SELECT "id", "password", "last_login", "is_superuser", "first_name", "last_name", "email", "is_staff", "is_active", "date_joined", "username" FROM "auth_user"; (params ())
DEBUG 2026-07-13 17:41:40,416 schema 220774 129516935975040 DROP TABLE "auth_user"; (params ())
DEBUG 2026-07-13 17:41:40,416 schema 220774 129516935975040 ALTER TABLE "new__auth_user" RENAME TO "auth_user"; (params ())
DEBUG 2026-07-13 17:41:40,420 schema 220774 129516935975040 CREATE TABLE "new__auth_user" ("id" integer NOT NULL PRIMARY KEY AUTOINCREMENT, "password" varchar(128) NOT NULL, "last_login" datetime NULL, "is_superuser" bool NOT NULL, "username" varchar(150) NOT NULL UNIQUE, "first_name" varchar(30) NOT NULL, "email" varchar(254) NOT NULL, "is_staff" bool NOT NULL, "is_active" bool NOT NULL, "date_joined" datetime NOT NULL, "last_name" varchar(150) NOT NULL); (params None)
DEBUG 2026-07-13 17:41:40,420 schema 220774 129516935975040 INSERT INTO "new__auth_user" ("id", "password", "last_login", "is_superuser", "username", "first_name", "email", "is_staff", "is_active", "date_joined", "last_name") SELECT "id", "password", "last_login", "is_superuser", "username", "first_name", "email", "is_staff", "is_active", "date_joined", "last_name" FROM "auth_user"; (params ())
DEBUG 2026-07-13 17:41:40,420 schema 220774 129516935975040 DROP TABLE "auth_user"; (params ())
DEBUG 2026-07-13 17:41:40,420 schema 220774 129516935975040 ALTER TABLE "new__auth_user" RENAME TO "auth_user"; (params ())
DEBUG 2026-07-13 17:41:40,424 schema 220774 129516935975040 CREATE TABLE "new__auth_group" ("id" integer NOT NULL PRIMARY KEY AUTOINCREMENT, "name" varchar(150) NOT NULL UNIQUE); (params None)
DEBUG 2026-07-13 17:41:40,424 schema 220774 129516935975040 INSERT INTO "new__auth_group" ("id", "name") SELECT "id", "name" FROM "auth_group"; (params ())
DEBUG 2026-07-13 17:41:40,424 schema 220774 129516935975040 DROP TABLE "auth_group"; (params ())
DEBUG 2026-07-13 17:41:40,424 schema 220774 129516935975040 ALTER TABLE "new__auth_group" RENAME TO "auth_group"; (params ())
DEBUG 2026-07-13 17:41:40,431 schema 220774 129516935975040 CREATE TABLE "new__auth_user" ("id" integer NOT NULL PRIMARY KEY AUTOINCREMENT, "password" varchar(128) NOT NULL, "last_login" datetime NULL, "is_superuser" bool NOT NULL, "username" varchar(150) NOT NULL UNIQUE, "last_name" varchar(150) NOT NULL, "email" varchar(254) NOT NULL, "is_staff" bool NOT NULL, "is_active" bool NOT NULL, "date_joined" datetime NOT NULL, "first_name" varchar(150) NOT NULL); (params None)
DEBUG 2026-07-13 17:41:40,431 schema 220774 129516935975040 INSERT INTO "new__auth_user" ("id", "password", "last_login", "is_superuser", "username", "last_name", "email", "is_staff", "is_active", "date_joined", "first_name") SELECT "id", "password", "last_login", "is_superuser", "username", "last_name", "email", "is_staff", "is_active", "date_joined", "first_name" FROM "auth_user"; (params ())
DEBUG 2026-07-13 17:41:40,431 schema 220774 129516935975040 DROP TABLE "auth_user"; (params ())
DEBUG 2026-07-13 17:41:40,431 schema 220774 129516935975040 ALTER TABLE "new__auth_user" RENAME TO "auth_user"; (params ())
DEBUG 2026-07-13 17:41:40,433 schema 220774 129516935975040 CREATE TABLE "django_session" ("session_key" varchar(40) NOT NULL PRIMARY KEY, "session_data" text NOT NULL, "expire_date" datetime NOT NULL); (params None)
DEBUG 2026-07-13 17:41:40,433 schema 220774 129516935975040 CREATE INDEX "django_session_expire_date_a5c62663" ON "django_session" ("expire_date"); (params ())
WARNING 2026-07-13 17:41:40,800 log 220774 129516935975040 Forbidden: /notifications/notifications/
WARNING 2026-07-13 17:41:41,616 log 220774 129516935975040 Not Found: /notifications/notifications/1/
